// Jest Snapshot v1, https://goo.gl/fbAQLP

exports[`balance.reducer CreateUpdateNameAndAvatarAction should update store even if session exists 1`] = `
Object {
  "isFromBackend": true,
  "isPending": false,
  "session": Object {
    "account": Object {
      "details": Object {
        "avatar": "💩",
        "nickname": "Artuś",
      },
      "email": "maciej.przybylski@anymind.com",
      "hasPassword": true,
      "id": "c3d262b0-48d7-41b5-9aeb-9f59affdd0f3",
      "isAnonymous": true,
      "isBlocked": false,
      "msisdn": "+48607508372",
      "registeredAt": 2018-08-09T10:00:35.039Z,
    },
    "isCompany": false,
    "isExpert": false,
    "session": Object {
      "accountId": "123",
      "apiKey": "zxxx",
      "city": "sdf",
      "country": "aaa",
      "ipAddress": "13123",
      "isExpired": false,
      "lastActivityAt": 2018-11-09T10:00:35.039Z,
      "userAgent": "aa",
    },
  },
}
`;
